// Jest Snapshot v1, https://goo.gl/fbAQLP

exports[`App renders correctly 1`] = `
<DocumentFragment>
  <div
    class="weather-app"
  >
    <h1>
      , 
    </h1>
    <div>
      <input
        type="text"
        value=""
      />
      <button
        type="button"
      >
        Search
      </button>
    </div>
    <div
      class="forecast-summaries"
    />
  </div>
</DocumentFragment>
`;
