// Jest Snapshot v1, https://goo.gl/fbAQLP

exports[`SearchForm renders correctly 1`] = `
<DocumentFragment>
  <div>
    <input
      type="text"
      value=""
    />
    <button
      type="button"
    >
      Search
    </button>
  </div>
</DocumentFragment>
`;
